# serializer version: 1
# name: test_squashfs_rom[calls]
  _CallList([
    _Call(
      tuple(
        list([
          'mount',
          Path('/path/to/rom-name.squashfs'),
          Path('/var/run/squashfs/rom-name'),
        ]),
      ),
      dict({
      }),
    ),
    _Call(
      tuple(
        list([
          'umount',
          Path('/var/run/squashfs/rom-name'),
        ]),
      ),
      dict({
      }),
    ),
  ])
# ---
# name: test_squashfs_rom_context_raises[calls]
  _CallList([
    _Call(
      tuple(
        list([
          'mount',
          Path('/path/to/rom-name.squashfs'),
          Path('/var/run/squashfs/rom-name'),
        ]),
      ),
      dict({
      }),
    ),
    _Call(
      tuple(
        list([
          'umount',
          Path('/var/run/squashfs/rom-name'),
        ]),
      ),
      dict({
      }),
    ),
  ])
# ---
# name: test_squashfs_rom_existing[calls]
  _CallList([
    _Call(
      tuple(
        list([
          'mount',
          Path('/path/to/rom-name.squashfs'),
          Path('/var/run/squashfs/rom-name'),
        ]),
      ),
      dict({
      }),
    ),
    _Call(
      tuple(
        list([
          'umount',
          Path('/var/run/squashfs/rom-name'),
        ]),
      ),
      dict({
      }),
    ),
  ])
# ---
# name: test_squashfs_rom_linked[calls]
  _CallList([
    _Call(
      tuple(
        list([
          'mount',
          Path('/path/to/rom-name.squashfs'),
          Path('/var/run/squashfs/rom-name'),
        ]),
      ),
      dict({
      }),
    ),
    _Call(
      tuple(
        list([
          'umount',
          Path('/var/run/squashfs/rom-name'),
        ]),
      ),
      dict({
      }),
    ),
  ])
# ---
# name: test_squashfs_rom_linked_context_raises[calls]
  _CallList([
    _Call(
      tuple(
        list([
          'mount',
          Path('/path/to/rom-name.squashfs'),
          Path('/var/run/squashfs/rom-name'),
        ]),
      ),
      dict({
      }),
    ),
    _Call(
      tuple(
        list([
          'umount',
          Path('/var/run/squashfs/rom-name'),
        ]),
      ),
      dict({
      }),
    ),
  ])
# ---
# name: test_squashfs_rom_single_file[calls]
  _CallList([
    _Call(
      tuple(
        list([
          'mount',
          Path('/path/to/rom-name.squashfs'),
          Path('/var/run/squashfs/rom-name'),
        ]),
      ),
      dict({
      }),
    ),
    _Call(
      tuple(
        list([
          'umount',
          Path('/var/run/squashfs/rom-name'),
        ]),
      ),
      dict({
      }),
    ),
  ])
# ---
# name: test_squashfs_rom_single_file_context_raises[calls]
  _CallList([
    _Call(
      tuple(
        list([
          'mount',
          Path('/path/to/rom-name.squashfs'),
          Path('/var/run/squashfs/rom-name'),
        ]),
      ),
      dict({
      }),
    ),
    _Call(
      tuple(
        list([
          'umount',
          Path('/var/run/squashfs/rom-name'),
        ]),
      ),
      dict({
      }),
    ),
  ])
# ---
